// Jest Snapshot v1, https://goo.gl/fbAQLP

exports[`NotFound renders NotFound 1`] = `
<div
  className="authentication"
  style={
    Object {
      "textAlign": "center",
    }
  }
>
  <section>
    <figure>
      <img
        alt="Flyve MDM Dashboard"
        src="dashboard.svg"
      />
    </figure>
    <h1>
      not_found
    </h1>
    <h1>
      404
    </h1>
  </section>
  <footer>
    <a
      href="https://flyve-mdm.com/privacy-policy/"
    >
      terms_and_conditions
    </a>
    <br />
    <span>
      Â© 2017 - 2018 Teclib'.
    </span>
    <br />
  </footer>
</div>
`;
